--------------------------------------------------------
The alien invasion begins... 100 aliens are approaching
Bar has been destroyed by Angry Abyormenite and Boring Advents (aka Uranus or the Creators) and Cool Agorian and Cranky Albategna and Dreamy Allasomorph and Elegant Amorph and Festive Andalite and Funny Annari and Great Anterian and Hungry Aquatoid and Jolly Arbryl and Loving Argolin and Musing Armada of Annihilation and Nostalgic Aschen and Pensive Atevi and Recursing Axanar and Serene Azwaca and Strange Bailie and Thirsty Balmarian and Vigilant Banik!
Baz has been destroyed by Adoring Aalaag and Awesome Acamarian and Brave Aenar and Compassionate Akaali and Crazy The Alien and Eager Amaut and Eloquent Anabi and Flamboyant Andorian and Gallant Anodite and Happy Antican and Infallible Arachnichimp and Jovial Arburian Pelarota and Lucid Arilou Lalee`lay and Naughty Arquillian and Objective Asgard and Practical Aurelian and Relaxed Axon and Sharp Baalol and Stupefied Bajoran and Trusting Baltan!
Bee has been destroyed by Affectionate Abh and Beautiful Acquaran and Busy Aeodronian and Competent Akis and Dazzling Alien and Ecstatic Altarian and Epic Ancient and Focused Andromeni and Gifted Antaran and Hardcore The Anti-Monitor and Inspiring Arachnid and Keen Arcadian and Magical Arisians and Eddorian and Nervous Airlia and Optimistic Aslan and Priceless Autobot and Reverent Azathoth and Silly Babel fish and Suspicious Ba`ku and Unruffled Bane!
Foo has been destroyed by Agitated Abductor and Blissful Adipose and Charming Aerophibian and Condescending Akrennian and Determined Alien Sex Goddesse and Elastic Amazonian and Exciting Ancient and Friendly Angol Moi and Goofy Antarian and Heuristic Appoplexian and Intelligent Arachnoid and Kind Arcean and Mystifying Ark Megaform and Nice Arnor and Peaceful Asuran and Quirky Auronar and Romantic Azgonian and Sleepy Badoon and Sweet Baliflid and Upbeat Bandersnatchi!
Qu-ux has been destroyed by Amazing Abzorbalof and Bold Advent and Clever Affront and Confident Akritirian and Distracted Alkari and Elated Amnioni and Fervent Ancient and Frosty Angosian and Gracious Antedean and Hopeful Aqualish and Interesting Ara and Laughing Arcturian and Modest Arkonide and Nifty Asari and Pedantic Atavu and Quizzical Auton and Sad Aziam and Stoic Bahmi and Tender Ballchinnian and Vibrant Bandi!
--------------------------------------------------------
The üåç after 1 day(s) of alien invasion:
--------------------------------------------------------
COMPLETE ANNIHILATION - All cities have been destroyed ‚ò†Ô∏è
--------------------------------------------------------
