--------------------------------------------------------
The alien invasion begins...
--------------------------------------------------------
The alien force is too weak, the invasion failed
--------------------------------------------------------
The üåç after 0 day(s) of alien invasion:
--------------------------------------------------------
Bar south=Foo west=Bee
Baz east=Foo
Bee east=Bar
Foo north=Bar south=Qu-ux west=Baz
Qu-ux north=Foo
--------------------------------------------------------
