--------------------------------------------------------
The alien invasion begins... 2 aliens are approaching
--------------------------------------------------------
The üåç after 10000 day(s) of alien invasion:
--------------------------------------------------------
Bar south=Foo
Baz east=Foo
Foo north=Bar south=Qu-ux west=Baz
Qu-ux north=Foo
--------------------------------------------------------
