--------------------------------------------------------
The alien invasion begins... 6 aliens are approaching
Baz has been destroyed by Adoring Aalaag and Angry Abyormenite!
Foo has been destroyed by Affectionate Abh and Awesome Acamarian!
--------------------------------------------------------
The üåç after 10000 day(s) of alien invasion:
--------------------------------------------------------
Bar south=Foo
Qu-ux north=Foo
--------------------------------------------------------
