--------------------------------------------------------
The alien invasion begins...
Bar has been destroyed by Amazing Abzorbalof and Blissful Adipose!
Baz has been destroyed by Adoring Aalaag and Angry Abyormenite and Bold Advent!
Foo has been destroyed by Affectionate Abh and Awesome Acamarian and Boring Advents (aka Uranus or the Creators)!
Qu-ux has been destroyed by Agitated Abductor and Beautiful Acquaran!
--------------------------------------------------------
The üåç after 1 day(s) of alien invasion:
--------------------------------------------------------
COMPLETE ANNIHILATION - All cities have been destroyed ‚ò†Ô∏è
--------------------------------------------------------
