--------------------------------------------------------
The alien invasion begins... 7 aliens are approaching
Baz has been destroyed by Adoring Aalaag and Angry Abyormenite!
Foo has been destroyed by Affectionate Abh and Awesome Acamarian!
Qu-ux has been destroyed by Agitated Abductor and Beautiful Acquaran!
--------------------------------------------------------
The alien force is too weak, the invasion failed
--------------------------------------------------------
The üåç after 1 day(s) of alien invasion:
--------------------------------------------------------
Bar south=Foo
--------------------------------------------------------
